1598.lean:3:3: error: existsi tactic failed, type mismatch between given term witness and expected type
state:
‚ä¢ 0 = false
