4 : ℚ
23 / 10 : ℚ
1 : ℚ
10213 / 1000 : ℚ
-(3 / 10) : ℚ
10213 / 1000 : ℚ
23 / 10 : ℚ
1 : ℚ
quot.mk (prerat.mk (int.of_nat 1) (int.of_nat 1) (int.of_nat_succ_pos 0))
