1558663523
3156312089
1320171407
1921459337
1547633539
