{1}
{0, (1, x::1)}
{1, (1, x::1)}
{2, (1, x::1)}
{2, (1, x::1)}
{1}
{1, (2, x::1), (1, x::2)}
{1, (2, x::1), (1, x::2)}
{0, (1, y::1), (1, x::1), (1, y::-2 * x::-1), (1, y::-1 * x::-2)}
{0, (1, y::1), (1, y::-1), (1, x::1), (1, y::1 * x::1)}
{0, (2, y::1), (2, y::-1), (2, x::1), (2, y::1 * x::1)}
{1, (2, y::1), (1, y::-2), (2, y::-1), (3, x::1), (2, y::1 * x::1), (1, y::-1 * x::1)}
{2, (2, z::1), (1, y::1), (-1, x::1), (1, z::1 * y::1), (-1, z::1 * x::1)}
{0, (-1, add.{l} A (distrib.to_has_add.{l} A (ring.to_distrib.{l} A (division_ring.to_ring.{l} A (field.to_division_ring.{l} A s)))) x y::-1)}
{0, (-1, y::-1), (1, x::1)}
{1/2, (4/5, x::1)}
{0, (1/10, x::1), (1/5, x::2)}
