error_full_names.lean:4:8: error: failed to synthesize placeholder

⊢ has_add nat
error_full_names.lean:8:6: error: type mismatch at application
  nat.succ nat.zero
term
  nat.zero
has type
  nat
but is expected to have type
  ℕ
