inaccessible2.lean:5:8: error: invalid occurrence of 'inaccessible' annotation, it must only occur in patterns
inaccessible2.lean:8:10: error: invalid pattern, must be an application, constant, variable, type ascription or inaccessible term
inaccessible2.lean:8:45: error: unknown identifier 'a'
inaccessible2.lean:8:4: error: invalid use of inaccessible term, it is not fixed by other arguments
inaccessible2.lean:11:39: error: inaccesible pattern notation `.(t)` can only be used in patterns
inaccessible2.lean:11:46: error: invalid pattern, must be an application, constant, variable, type ascription or inaccessible term
inaccessible2.lean:11:4: error: function expected at
  f
inaccessible2.lean:11:11: error: function expected at
  ⁇
inaccessible2.lean:11:2: error: function expected at
  inv_3 .?m_1 ⁇
inaccessible2.lean:11:46: error: ill-formed match/equations expression
inaccessible2.lean:11:46: error: command expected
inaccessible2.lean:14:13: error: invalid pattern, in a constructor application, the parameters of the inductive datatype must be marked as inaccessible
inaccessible2.lean:14:24: error: ill-formed match/equations expression
