p q : Prop,
Hp : p
⊢ q ∨ p

p q : Prop,
Hq : q
⊢ q ∨ p
-----
⊢ 0 = 0 ∨ 0 = succ (pred 0)

n' : ℕ,
Hind : n' = 0 ∨ n' = succ (pred n')
⊢ succ n' = 0 ∨ succ n' = succ (pred (succ n'))
-----
H : 0 ≠ 0
⊢ 0 > 0 → 0 = succ (pred 0)

_x : ℕ,
ih_1 : _x ≠ 0 → _x > 0 → _x = succ (pred _x),
H : succ _x ≠ 0
⊢ succ _x > 0 → succ _x = succ (pred (succ _x))
