[[fst_2, snd]]
[[x, _x]]
[[a_1, b, c], [d_2, e_1], [f, g]]
