11 : ?M_1
10 + 1 : num
f 10 + 10 + 10 : num
10
14
