sec3.lean:5:9: error: invalid use of explicit universe parameter, identifier is a variable, parameter or a constant bound to parameters in a section
tst : A â†’ A
