x2 + (g x1 + (x4 * 5 + (f x1 * 5 + (x2 * (f x3 * (x2 * 3)) + x2 * (f x3 * (3 * (g x1 * 7)))))))
