structure_notation_dep_mvars.lean:1:32: error: type mismatch at field 'pure_bind'
  ?m_1
has type
  ∀ {α β : Type ?} (x : α) (f : α → list β), ?m_1 (?m_2 x) f = f x
but is expected to have type
  ∀ {α β : Type ?} (x : α) (f : α → list β), pure x >>= f = f x
