tactic_state_pp.lean:31:0: error: tactic failed, there are unsolved goals
state:
My custom goal visualizer
Goal: ∀ {n_1 : ℕ} (_x : α) (_x_1 : Vec α n_1),
  (λ (_x : ℕ) (w : Vec α _x), n = _x → v == w → f v ≠ 2) (nat.succ n_1) (Vec.cons _x _x_1)
tactic_state_pp.lean:39:0: error: tactic failed, there are unsolved goals
state:
My custom goal visualizer
Goal: ∀ (_x : ℕ), (λ (w : ℕ), n = w → 0 < n → succ (pred n) = n) (succ _x)
