{"message":"file invalidated","response":"ok","seq_num":0}
{"record":{"full-id":"nat.to_string","source":{"column":14,"file":"/library/init/data/to_string.lean","line":77},"type":"ℕ → string"},"response":"ok","seq_num":1}
